Classic Timing Analyzer report for Comp
Thu Dec 30 18:40:03 2021
Quartus II Version 9.1 Build 350 03/24/2010 Service Pack 2 SJ Web Edition


---------------------
; Table of Contents ;
---------------------
  1. Legal Notice
  2. Timing Analyzer Summary
  3. Timing Analyzer Settings
  4. Clock Settings Summary
  5. Parallel Compilation
  6. Clock Setup: 'clk'
  7. Timing Analyzer Messages



----------------
; Legal Notice ;
----------------
Copyright (C) 1991-2010 Altera Corporation
Your use of Altera Corporation's design tools, logic functions 
and other software and tools, and its AMPP partner logic 
functions, and any output files from any of the foregoing 
(including device programming or simulation files), and any 
associated documentation or information are expressly subject 
to the terms and conditions of the Altera Program License 
Subscription Agreement, Altera MegaCore Function License 
Agreement, or other applicable license agreement, including, 
without limitation, that your use is for the sole purpose of 
programming logic devices manufactured by Altera and sold by 
Altera or its authorized distributors.  Please refer to the 
applicable agreement for further details.



+------------------------------------------------------------------------------------------------------------------------------------------------------------------------------------+
; Timing Analyzer Summary                                                                                                                                                            ;
+------------------------------+-------+---------------+----------------------------------+-------------------------+-------------------------+------------+----------+--------------+
; Type                         ; Slack ; Required Time ; Actual Time                      ; From                    ; To                      ; From Clock ; To Clock ; Failed Paths ;
+------------------------------+-------+---------------+----------------------------------+-------------------------+-------------------------+------------+----------+--------------+
; Clock Setup: 'clk'           ; N/A   ; None          ; 105.53 MHz ( period = 9.476 ns ) ; counter:Contador|uni[0] ; counter:Contador|uni[6] ; clk        ; clk      ; 0            ;
; Total number of failed paths ;       ;               ;                                  ;                         ;                         ;            ;          ; 0            ;
+------------------------------+-------+---------------+----------------------------------+-------------------------+-------------------------+------------+----------+--------------+


+-----------------------------------------------------------------------------------------------------------------------------------------------------+
; Timing Analyzer Settings                                                                                                                            ;
+------------------------------------------------------------------------------------------------------+--------------------+------+----+-------------+
; Option                                                                                               ; Setting            ; From ; To ; Entity Name ;
+------------------------------------------------------------------------------------------------------+--------------------+------+----+-------------+
; Device Name                                                                                          ; EP2S15F484I4       ;      ;    ;             ;
; Timing Models                                                                                        ; Final              ;      ;    ;             ;
; Default hold multicycle                                                                              ; Same as Multicycle ;      ;    ;             ;
; Cut paths between unrelated clock domains                                                            ; On                 ;      ;    ;             ;
; Cut off read during write signal paths                                                               ; On                 ;      ;    ;             ;
; Cut off feedback from I/O pins                                                                       ; On                 ;      ;    ;             ;
; Report Combined Fast/Slow Timing                                                                     ; Off                ;      ;    ;             ;
; Ignore Clock Settings                                                                                ; Off                ;      ;    ;             ;
; Analyze latches as synchronous elements                                                              ; On                 ;      ;    ;             ;
; Enable Recovery/Removal analysis                                                                     ; Off                ;      ;    ;             ;
; Enable Clock Latency                                                                                 ; Off                ;      ;    ;             ;
; Use TimeQuest Timing Analyzer                                                                        ; Off                ;      ;    ;             ;
; Minimum Core Junction Temperature                                                                    ; -40                ;      ;    ;             ;
; Maximum Core Junction Temperature                                                                    ; 100                ;      ;    ;             ;
; Number of source nodes to report per destination node                                                ; 10                 ;      ;    ;             ;
; Number of destination nodes to report                                                                ; 10                 ;      ;    ;             ;
; Number of paths to report                                                                            ; 200                ;      ;    ;             ;
; Report Minimum Timing Checks                                                                         ; Off                ;      ;    ;             ;
; Use Fast Timing Models                                                                               ; Off                ;      ;    ;             ;
; Report IO Paths Separately                                                                           ; Off                ;      ;    ;             ;
; Perform Multicorner Analysis                                                                         ; On                 ;      ;    ;             ;
; Reports the worst-case path for each clock domain and analysis                                       ; Off                ;      ;    ;             ;
; Reports worst-case timing paths for each clock domain and analysis                                   ; Off                ;      ;    ;             ;
; Specifies the maximum number of worst-case timing paths to report for each clock domain and analysis ; 100                ;      ;    ;             ;
; Removes common clock path pessimism (CCPP) during slack computation                                  ; Off                ;      ;    ;             ;
; Output I/O Timing Endpoint                                                                           ; Near End           ;      ;    ;             ;
+------------------------------------------------------------------------------------------------------+--------------------+------+----+-------------+


+------------------------------------------------------------------------------------------------------------------------------------------------------------------------------------+
; Clock Settings Summary                                                                                                                                                             ;
+-----------------+--------------------+----------+------------------+---------------+--------------+----------+-----------------------+---------------------+--------+--------------+
; Clock Node Name ; Clock Setting Name ; Type     ; Fmax Requirement ; Early Latency ; Late Latency ; Based on ; Multiply Base Fmax by ; Divide Base Fmax by ; Offset ; Phase offset ;
+-----------------+--------------------+----------+------------------+---------------+--------------+----------+-----------------------+---------------------+--------+--------------+
; clk             ;                    ; User Pin ; None             ; 0.000 ns      ; 0.000 ns     ; --       ; N/A                   ; N/A                 ; N/A    ;              ;
+-----------------+--------------------+----------+------------------+---------------+--------------+----------+-----------------------+---------------------+--------+--------------+


Parallel compilation was disabled, but you have multiple processors available. Enable parallel compilation to reduce compilation time.
+-------------------------------------+
; Parallel Compilation                ;
+----------------------------+--------+
; Processors                 ; Number ;
+----------------------------+--------+
; Number detected on machine ; 2      ;
; Maximum allowed            ; 1      ;
+----------------------------+--------+


+----------------------------------------------------------------------------------------------------------------------------------------------------------------------------------------------------------------------------------------------------------------+
; Clock Setup: 'clk'                                                                                                                                                                                                                                             ;
+-----------------------------------------+-----------------------------------------------------+-------------------------+--------------------------+------------+----------+-----------------------------+---------------------------+-------------------------+
; Slack                                   ; Actual fmax (period)                                ; From                    ; To                       ; From Clock ; To Clock ; Required Setup Relationship ; Required Longest P2P Time ; Actual Longest P2P Time ;
+-----------------------------------------+-----------------------------------------------------+-------------------------+--------------------------+------------+----------+-----------------------------+---------------------------+-------------------------+
; N/A                                     ; 105.53 MHz ( period = 9.476 ns )                    ; counter:Contador|uni[0] ; counter:Contador|uni[2]  ; clk        ; clk      ; None                        ; None                      ; 9.263 ns                ;
; N/A                                     ; 105.53 MHz ( period = 9.476 ns )                    ; counter:Contador|uni[0] ; counter:Contador|uni[1]  ; clk        ; clk      ; None                        ; None                      ; 9.263 ns                ;
; N/A                                     ; 105.53 MHz ( period = 9.476 ns )                    ; counter:Contador|uni[0] ; counter:Contador|uni[0]  ; clk        ; clk      ; None                        ; None                      ; 9.263 ns                ;
; N/A                                     ; 105.53 MHz ( period = 9.476 ns )                    ; counter:Contador|uni[0] ; counter:Contador|uni[11] ; clk        ; clk      ; None                        ; None                      ; 9.263 ns                ;
; N/A                                     ; 105.53 MHz ( period = 9.476 ns )                    ; counter:Contador|uni[0] ; counter:Contador|uni[12] ; clk        ; clk      ; None                        ; None                      ; 9.263 ns                ;
; N/A                                     ; 105.53 MHz ( period = 9.476 ns )                    ; counter:Contador|uni[0] ; counter:Contador|uni[14] ; clk        ; clk      ; None                        ; None                      ; 9.263 ns                ;
; N/A                                     ; 105.53 MHz ( period = 9.476 ns )                    ; counter:Contador|uni[0] ; counter:Contador|uni[13] ; clk        ; clk      ; None                        ; None                      ; 9.263 ns                ;
; N/A                                     ; 105.53 MHz ( period = 9.476 ns )                    ; counter:Contador|uni[0] ; counter:Contador|uni[10] ; clk        ; clk      ; None                        ; None                      ; 9.263 ns                ;
; N/A                                     ; 105.53 MHz ( period = 9.476 ns )                    ; counter:Contador|uni[0] ; counter:Contador|uni[8]  ; clk        ; clk      ; None                        ; None                      ; 9.263 ns                ;
; N/A                                     ; 105.53 MHz ( period = 9.476 ns )                    ; counter:Contador|uni[0] ; counter:Contador|uni[15] ; clk        ; clk      ; None                        ; None                      ; 9.263 ns                ;
; N/A                                     ; 105.53 MHz ( period = 9.476 ns )                    ; counter:Contador|uni[0] ; counter:Contador|uni[9]  ; clk        ; clk      ; None                        ; None                      ; 9.263 ns                ;
; N/A                                     ; 105.53 MHz ( period = 9.476 ns )                    ; counter:Contador|uni[0] ; counter:Contador|uni[5]  ; clk        ; clk      ; None                        ; None                      ; 9.263 ns                ;
; N/A                                     ; 105.53 MHz ( period = 9.476 ns )                    ; counter:Contador|uni[0] ; counter:Contador|uni[3]  ; clk        ; clk      ; None                        ; None                      ; 9.263 ns                ;
; N/A                                     ; 105.53 MHz ( period = 9.476 ns )                    ; counter:Contador|uni[0] ; counter:Contador|uni[4]  ; clk        ; clk      ; None                        ; None                      ; 9.263 ns                ;
; N/A                                     ; 105.53 MHz ( period = 9.476 ns )                    ; counter:Contador|uni[0] ; counter:Contador|uni[7]  ; clk        ; clk      ; None                        ; None                      ; 9.263 ns                ;
; N/A                                     ; 105.53 MHz ( period = 9.476 ns )                    ; counter:Contador|uni[0] ; counter:Contador|uni[6]  ; clk        ; clk      ; None                        ; None                      ; 9.263 ns                ;
; N/A                                     ; 105.67 MHz ( period = 9.463 ns )                    ; counter:Contador|uni[0] ; counter:Contador|uni[28] ; clk        ; clk      ; None                        ; None                      ; 9.248 ns                ;
; N/A                                     ; 105.67 MHz ( period = 9.463 ns )                    ; counter:Contador|uni[0] ; counter:Contador|uni[30] ; clk        ; clk      ; None                        ; None                      ; 9.248 ns                ;
; N/A                                     ; 105.67 MHz ( period = 9.463 ns )                    ; counter:Contador|uni[0] ; counter:Contador|uni[29] ; clk        ; clk      ; None                        ; None                      ; 9.248 ns                ;
; N/A                                     ; 105.67 MHz ( period = 9.463 ns )                    ; counter:Contador|uni[0] ; counter:Contador|uni[31] ; clk        ; clk      ; None                        ; None                      ; 9.248 ns                ;
; N/A                                     ; 105.67 MHz ( period = 9.463 ns )                    ; counter:Contador|uni[0] ; counter:Contador|uni[27] ; clk        ; clk      ; None                        ; None                      ; 9.248 ns                ;
; N/A                                     ; 105.67 MHz ( period = 9.463 ns )                    ; counter:Contador|uni[0] ; counter:Contador|uni[21] ; clk        ; clk      ; None                        ; None                      ; 9.248 ns                ;
; N/A                                     ; 105.67 MHz ( period = 9.463 ns )                    ; counter:Contador|uni[0] ; counter:Contador|uni[23] ; clk        ; clk      ; None                        ; None                      ; 9.248 ns                ;
; N/A                                     ; 105.67 MHz ( period = 9.463 ns )                    ; counter:Contador|uni[0] ; counter:Contador|uni[24] ; clk        ; clk      ; None                        ; None                      ; 9.248 ns                ;
; N/A                                     ; 105.67 MHz ( period = 9.463 ns )                    ; counter:Contador|uni[0] ; counter:Contador|uni[22] ; clk        ; clk      ; None                        ; None                      ; 9.248 ns                ;
; N/A                                     ; 105.67 MHz ( period = 9.463 ns )                    ; counter:Contador|uni[0] ; counter:Contador|uni[26] ; clk        ; clk      ; None                        ; None                      ; 9.248 ns                ;
; N/A                                     ; 105.67 MHz ( period = 9.463 ns )                    ; counter:Contador|uni[0] ; counter:Contador|uni[19] ; clk        ; clk      ; None                        ; None                      ; 9.248 ns                ;
; N/A                                     ; 105.67 MHz ( period = 9.463 ns )                    ; counter:Contador|uni[0] ; counter:Contador|uni[18] ; clk        ; clk      ; None                        ; None                      ; 9.248 ns                ;
; N/A                                     ; 105.67 MHz ( period = 9.463 ns )                    ; counter:Contador|uni[0] ; counter:Contador|uni[20] ; clk        ; clk      ; None                        ; None                      ; 9.248 ns                ;
; N/A                                     ; 105.67 MHz ( period = 9.463 ns )                    ; counter:Contador|uni[0] ; counter:Contador|uni[25] ; clk        ; clk      ; None                        ; None                      ; 9.248 ns                ;
; N/A                                     ; 105.67 MHz ( period = 9.463 ns )                    ; counter:Contador|uni[0] ; counter:Contador|uni[16] ; clk        ; clk      ; None                        ; None                      ; 9.248 ns                ;
; N/A                                     ; 105.67 MHz ( period = 9.463 ns )                    ; counter:Contador|uni[0] ; counter:Contador|uni[17] ; clk        ; clk      ; None                        ; None                      ; 9.248 ns                ;
; N/A                                     ; 105.99 MHz ( period = 9.435 ns )                    ; counter:Contador|uni[1] ; counter:Contador|uni[2]  ; clk        ; clk      ; None                        ; None                      ; 9.222 ns                ;
; N/A                                     ; 105.99 MHz ( period = 9.435 ns )                    ; counter:Contador|uni[1] ; counter:Contador|uni[1]  ; clk        ; clk      ; None                        ; None                      ; 9.222 ns                ;
; N/A                                     ; 105.99 MHz ( period = 9.435 ns )                    ; counter:Contador|uni[1] ; counter:Contador|uni[0]  ; clk        ; clk      ; None                        ; None                      ; 9.222 ns                ;
; N/A                                     ; 105.99 MHz ( period = 9.435 ns )                    ; counter:Contador|uni[1] ; counter:Contador|uni[11] ; clk        ; clk      ; None                        ; None                      ; 9.222 ns                ;
; N/A                                     ; 105.99 MHz ( period = 9.435 ns )                    ; counter:Contador|uni[1] ; counter:Contador|uni[12] ; clk        ; clk      ; None                        ; None                      ; 9.222 ns                ;
; N/A                                     ; 105.99 MHz ( period = 9.435 ns )                    ; counter:Contador|uni[1] ; counter:Contador|uni[14] ; clk        ; clk      ; None                        ; None                      ; 9.222 ns                ;
; N/A                                     ; 105.99 MHz ( period = 9.435 ns )                    ; counter:Contador|uni[1] ; counter:Contador|uni[13] ; clk        ; clk      ; None                        ; None                      ; 9.222 ns                ;
; N/A                                     ; 105.99 MHz ( period = 9.435 ns )                    ; counter:Contador|uni[1] ; counter:Contador|uni[10] ; clk        ; clk      ; None                        ; None                      ; 9.222 ns                ;
; N/A                                     ; 105.99 MHz ( period = 9.435 ns )                    ; counter:Contador|uni[1] ; counter:Contador|uni[8]  ; clk        ; clk      ; None                        ; None                      ; 9.222 ns                ;
; N/A                                     ; 105.99 MHz ( period = 9.435 ns )                    ; counter:Contador|uni[1] ; counter:Contador|uni[15] ; clk        ; clk      ; None                        ; None                      ; 9.222 ns                ;
; N/A                                     ; 105.99 MHz ( period = 9.435 ns )                    ; counter:Contador|uni[1] ; counter:Contador|uni[9]  ; clk        ; clk      ; None                        ; None                      ; 9.222 ns                ;
; N/A                                     ; 105.99 MHz ( period = 9.435 ns )                    ; counter:Contador|uni[1] ; counter:Contador|uni[5]  ; clk        ; clk      ; None                        ; None                      ; 9.222 ns                ;
; N/A                                     ; 105.99 MHz ( period = 9.435 ns )                    ; counter:Contador|uni[1] ; counter:Contador|uni[3]  ; clk        ; clk      ; None                        ; None                      ; 9.222 ns                ;
; N/A                                     ; 105.99 MHz ( period = 9.435 ns )                    ; counter:Contador|uni[1] ; counter:Contador|uni[4]  ; clk        ; clk      ; None                        ; None                      ; 9.222 ns                ;
; N/A                                     ; 105.99 MHz ( period = 9.435 ns )                    ; counter:Contador|uni[1] ; counter:Contador|uni[7]  ; clk        ; clk      ; None                        ; None                      ; 9.222 ns                ;
; N/A                                     ; 105.99 MHz ( period = 9.435 ns )                    ; counter:Contador|uni[1] ; counter:Contador|uni[6]  ; clk        ; clk      ; None                        ; None                      ; 9.222 ns                ;
; N/A                                     ; 106.13 MHz ( period = 9.422 ns )                    ; counter:Contador|uni[1] ; counter:Contador|uni[28] ; clk        ; clk      ; None                        ; None                      ; 9.207 ns                ;
; N/A                                     ; 106.13 MHz ( period = 9.422 ns )                    ; counter:Contador|uni[1] ; counter:Contador|uni[30] ; clk        ; clk      ; None                        ; None                      ; 9.207 ns                ;
; N/A                                     ; 106.13 MHz ( period = 9.422 ns )                    ; counter:Contador|uni[1] ; counter:Contador|uni[29] ; clk        ; clk      ; None                        ; None                      ; 9.207 ns                ;
; N/A                                     ; 106.13 MHz ( period = 9.422 ns )                    ; counter:Contador|uni[1] ; counter:Contador|uni[31] ; clk        ; clk      ; None                        ; None                      ; 9.207 ns                ;
; N/A                                     ; 106.13 MHz ( period = 9.422 ns )                    ; counter:Contador|uni[1] ; counter:Contador|uni[27] ; clk        ; clk      ; None                        ; None                      ; 9.207 ns                ;
; N/A                                     ; 106.13 MHz ( period = 9.422 ns )                    ; counter:Contador|uni[1] ; counter:Contador|uni[21] ; clk        ; clk      ; None                        ; None                      ; 9.207 ns                ;
; N/A                                     ; 106.13 MHz ( period = 9.422 ns )                    ; counter:Contador|uni[1] ; counter:Contador|uni[23] ; clk        ; clk      ; None                        ; None                      ; 9.207 ns                ;
; N/A                                     ; 106.13 MHz ( period = 9.422 ns )                    ; counter:Contador|uni[1] ; counter:Contador|uni[24] ; clk        ; clk      ; None                        ; None                      ; 9.207 ns                ;
; N/A                                     ; 106.13 MHz ( period = 9.422 ns )                    ; counter:Contador|uni[1] ; counter:Contador|uni[22] ; clk        ; clk      ; None                        ; None                      ; 9.207 ns                ;
; N/A                                     ; 106.13 MHz ( period = 9.422 ns )                    ; counter:Contador|uni[1] ; counter:Contador|uni[26] ; clk        ; clk      ; None                        ; None                      ; 9.207 ns                ;
; N/A                                     ; 106.13 MHz ( period = 9.422 ns )                    ; counter:Contador|uni[1] ; counter:Contador|uni[19] ; clk        ; clk      ; None                        ; None                      ; 9.207 ns                ;
; N/A                                     ; 106.13 MHz ( period = 9.422 ns )                    ; counter:Contador|uni[1] ; counter:Contador|uni[18] ; clk        ; clk      ; None                        ; None                      ; 9.207 ns                ;
; N/A                                     ; 106.13 MHz ( period = 9.422 ns )                    ; counter:Contador|uni[1] ; counter:Contador|uni[20] ; clk        ; clk      ; None                        ; None                      ; 9.207 ns                ;
; N/A                                     ; 106.13 MHz ( period = 9.422 ns )                    ; counter:Contador|uni[1] ; counter:Contador|uni[25] ; clk        ; clk      ; None                        ; None                      ; 9.207 ns                ;
; N/A                                     ; 106.13 MHz ( period = 9.422 ns )                    ; counter:Contador|uni[1] ; counter:Contador|uni[16] ; clk        ; clk      ; None                        ; None                      ; 9.207 ns                ;
; N/A                                     ; 106.13 MHz ( period = 9.422 ns )                    ; counter:Contador|uni[1] ; counter:Contador|uni[17] ; clk        ; clk      ; None                        ; None                      ; 9.207 ns                ;
; N/A                                     ; 106.93 MHz ( period = 9.352 ns )                    ; counter:Contador|uni[2] ; counter:Contador|uni[2]  ; clk        ; clk      ; None                        ; None                      ; 9.139 ns                ;
; N/A                                     ; 106.93 MHz ( period = 9.352 ns )                    ; counter:Contador|uni[2] ; counter:Contador|uni[1]  ; clk        ; clk      ; None                        ; None                      ; 9.139 ns                ;
; N/A                                     ; 106.93 MHz ( period = 9.352 ns )                    ; counter:Contador|uni[2] ; counter:Contador|uni[0]  ; clk        ; clk      ; None                        ; None                      ; 9.139 ns                ;
; N/A                                     ; 106.93 MHz ( period = 9.352 ns )                    ; counter:Contador|uni[2] ; counter:Contador|uni[11] ; clk        ; clk      ; None                        ; None                      ; 9.139 ns                ;
; N/A                                     ; 106.93 MHz ( period = 9.352 ns )                    ; counter:Contador|uni[2] ; counter:Contador|uni[12] ; clk        ; clk      ; None                        ; None                      ; 9.139 ns                ;
; N/A                                     ; 106.93 MHz ( period = 9.352 ns )                    ; counter:Contador|uni[2] ; counter:Contador|uni[14] ; clk        ; clk      ; None                        ; None                      ; 9.139 ns                ;
; N/A                                     ; 106.93 MHz ( period = 9.352 ns )                    ; counter:Contador|uni[2] ; counter:Contador|uni[13] ; clk        ; clk      ; None                        ; None                      ; 9.139 ns                ;
; N/A                                     ; 106.93 MHz ( period = 9.352 ns )                    ; counter:Contador|uni[2] ; counter:Contador|uni[10] ; clk        ; clk      ; None                        ; None                      ; 9.139 ns                ;
; N/A                                     ; 106.93 MHz ( period = 9.352 ns )                    ; counter:Contador|uni[2] ; counter:Contador|uni[8]  ; clk        ; clk      ; None                        ; None                      ; 9.139 ns                ;
; N/A                                     ; 106.93 MHz ( period = 9.352 ns )                    ; counter:Contador|uni[2] ; counter:Contador|uni[15] ; clk        ; clk      ; None                        ; None                      ; 9.139 ns                ;
; N/A                                     ; 106.93 MHz ( period = 9.352 ns )                    ; counter:Contador|uni[2] ; counter:Contador|uni[9]  ; clk        ; clk      ; None                        ; None                      ; 9.139 ns                ;
; N/A                                     ; 106.93 MHz ( period = 9.352 ns )                    ; counter:Contador|uni[2] ; counter:Contador|uni[5]  ; clk        ; clk      ; None                        ; None                      ; 9.139 ns                ;
; N/A                                     ; 106.93 MHz ( period = 9.352 ns )                    ; counter:Contador|uni[2] ; counter:Contador|uni[3]  ; clk        ; clk      ; None                        ; None                      ; 9.139 ns                ;
; N/A                                     ; 106.93 MHz ( period = 9.352 ns )                    ; counter:Contador|uni[2] ; counter:Contador|uni[4]  ; clk        ; clk      ; None                        ; None                      ; 9.139 ns                ;
; N/A                                     ; 106.93 MHz ( period = 9.352 ns )                    ; counter:Contador|uni[2] ; counter:Contador|uni[7]  ; clk        ; clk      ; None                        ; None                      ; 9.139 ns                ;
; N/A                                     ; 106.93 MHz ( period = 9.352 ns )                    ; counter:Contador|uni[2] ; counter:Contador|uni[6]  ; clk        ; clk      ; None                        ; None                      ; 9.139 ns                ;
; N/A                                     ; 107.08 MHz ( period = 9.339 ns )                    ; counter:Contador|uni[2] ; counter:Contador|uni[28] ; clk        ; clk      ; None                        ; None                      ; 9.124 ns                ;
; N/A                                     ; 107.08 MHz ( period = 9.339 ns )                    ; counter:Contador|uni[2] ; counter:Contador|uni[30] ; clk        ; clk      ; None                        ; None                      ; 9.124 ns                ;
; N/A                                     ; 107.08 MHz ( period = 9.339 ns )                    ; counter:Contador|uni[2] ; counter:Contador|uni[29] ; clk        ; clk      ; None                        ; None                      ; 9.124 ns                ;
; N/A                                     ; 107.08 MHz ( period = 9.339 ns )                    ; counter:Contador|uni[2] ; counter:Contador|uni[31] ; clk        ; clk      ; None                        ; None                      ; 9.124 ns                ;
; N/A                                     ; 107.08 MHz ( period = 9.339 ns )                    ; counter:Contador|uni[2] ; counter:Contador|uni[27] ; clk        ; clk      ; None                        ; None                      ; 9.124 ns                ;
; N/A                                     ; 107.08 MHz ( period = 9.339 ns )                    ; counter:Contador|uni[2] ; counter:Contador|uni[21] ; clk        ; clk      ; None                        ; None                      ; 9.124 ns                ;
; N/A                                     ; 107.08 MHz ( period = 9.339 ns )                    ; counter:Contador|uni[2] ; counter:Contador|uni[23] ; clk        ; clk      ; None                        ; None                      ; 9.124 ns                ;
; N/A                                     ; 107.08 MHz ( period = 9.339 ns )                    ; counter:Contador|uni[2] ; counter:Contador|uni[24] ; clk        ; clk      ; None                        ; None                      ; 9.124 ns                ;
; N/A                                     ; 107.08 MHz ( period = 9.339 ns )                    ; counter:Contador|uni[2] ; counter:Contador|uni[22] ; clk        ; clk      ; None                        ; None                      ; 9.124 ns                ;
; N/A                                     ; 107.08 MHz ( period = 9.339 ns )                    ; counter:Contador|uni[2] ; counter:Contador|uni[26] ; clk        ; clk      ; None                        ; None                      ; 9.124 ns                ;
; N/A                                     ; 107.08 MHz ( period = 9.339 ns )                    ; counter:Contador|uni[2] ; counter:Contador|uni[19] ; clk        ; clk      ; None                        ; None                      ; 9.124 ns                ;
; N/A                                     ; 107.08 MHz ( period = 9.339 ns )                    ; counter:Contador|uni[2] ; counter:Contador|uni[18] ; clk        ; clk      ; None                        ; None                      ; 9.124 ns                ;
; N/A                                     ; 107.08 MHz ( period = 9.339 ns )                    ; counter:Contador|uni[2] ; counter:Contador|uni[20] ; clk        ; clk      ; None                        ; None                      ; 9.124 ns                ;
; N/A                                     ; 107.08 MHz ( period = 9.339 ns )                    ; counter:Contador|uni[2] ; counter:Contador|uni[25] ; clk        ; clk      ; None                        ; None                      ; 9.124 ns                ;
; N/A                                     ; 107.08 MHz ( period = 9.339 ns )                    ; counter:Contador|uni[2] ; counter:Contador|uni[16] ; clk        ; clk      ; None                        ; None                      ; 9.124 ns                ;
; N/A                                     ; 107.08 MHz ( period = 9.339 ns )                    ; counter:Contador|uni[2] ; counter:Contador|uni[17] ; clk        ; clk      ; None                        ; None                      ; 9.124 ns                ;
; N/A                                     ; 107.98 MHz ( period = 9.261 ns )                    ; counter:Contador|uni[3] ; counter:Contador|uni[2]  ; clk        ; clk      ; None                        ; None                      ; 9.048 ns                ;
; N/A                                     ; 107.98 MHz ( period = 9.261 ns )                    ; counter:Contador|uni[3] ; counter:Contador|uni[1]  ; clk        ; clk      ; None                        ; None                      ; 9.048 ns                ;
; N/A                                     ; 107.98 MHz ( period = 9.261 ns )                    ; counter:Contador|uni[3] ; counter:Contador|uni[0]  ; clk        ; clk      ; None                        ; None                      ; 9.048 ns                ;
; N/A                                     ; 107.98 MHz ( period = 9.261 ns )                    ; counter:Contador|uni[3] ; counter:Contador|uni[11] ; clk        ; clk      ; None                        ; None                      ; 9.048 ns                ;
; N/A                                     ; 107.98 MHz ( period = 9.261 ns )                    ; counter:Contador|uni[3] ; counter:Contador|uni[12] ; clk        ; clk      ; None                        ; None                      ; 9.048 ns                ;
; N/A                                     ; 107.98 MHz ( period = 9.261 ns )                    ; counter:Contador|uni[3] ; counter:Contador|uni[14] ; clk        ; clk      ; None                        ; None                      ; 9.048 ns                ;
; N/A                                     ; 107.98 MHz ( period = 9.261 ns )                    ; counter:Contador|uni[3] ; counter:Contador|uni[13] ; clk        ; clk      ; None                        ; None                      ; 9.048 ns                ;
; N/A                                     ; 107.98 MHz ( period = 9.261 ns )                    ; counter:Contador|uni[3] ; counter:Contador|uni[10] ; clk        ; clk      ; None                        ; None                      ; 9.048 ns                ;
; N/A                                     ; 107.98 MHz ( period = 9.261 ns )                    ; counter:Contador|uni[3] ; counter:Contador|uni[8]  ; clk        ; clk      ; None                        ; None                      ; 9.048 ns                ;
; N/A                                     ; 107.98 MHz ( period = 9.261 ns )                    ; counter:Contador|uni[3] ; counter:Contador|uni[15] ; clk        ; clk      ; None                        ; None                      ; 9.048 ns                ;
; N/A                                     ; 107.98 MHz ( period = 9.261 ns )                    ; counter:Contador|uni[3] ; counter:Contador|uni[9]  ; clk        ; clk      ; None                        ; None                      ; 9.048 ns                ;
; N/A                                     ; 107.98 MHz ( period = 9.261 ns )                    ; counter:Contador|uni[3] ; counter:Contador|uni[5]  ; clk        ; clk      ; None                        ; None                      ; 9.048 ns                ;
; N/A                                     ; 107.98 MHz ( period = 9.261 ns )                    ; counter:Contador|uni[3] ; counter:Contador|uni[3]  ; clk        ; clk      ; None                        ; None                      ; 9.048 ns                ;
; N/A                                     ; 107.98 MHz ( period = 9.261 ns )                    ; counter:Contador|uni[3] ; counter:Contador|uni[4]  ; clk        ; clk      ; None                        ; None                      ; 9.048 ns                ;
; N/A                                     ; 107.98 MHz ( period = 9.261 ns )                    ; counter:Contador|uni[3] ; counter:Contador|uni[7]  ; clk        ; clk      ; None                        ; None                      ; 9.048 ns                ;
; N/A                                     ; 107.98 MHz ( period = 9.261 ns )                    ; counter:Contador|uni[3] ; counter:Contador|uni[6]  ; clk        ; clk      ; None                        ; None                      ; 9.048 ns                ;
; N/A                                     ; 108.13 MHz ( period = 9.248 ns )                    ; counter:Contador|uni[3] ; counter:Contador|uni[28] ; clk        ; clk      ; None                        ; None                      ; 9.033 ns                ;
; N/A                                     ; 108.13 MHz ( period = 9.248 ns )                    ; counter:Contador|uni[3] ; counter:Contador|uni[30] ; clk        ; clk      ; None                        ; None                      ; 9.033 ns                ;
; N/A                                     ; 108.13 MHz ( period = 9.248 ns )                    ; counter:Contador|uni[3] ; counter:Contador|uni[29] ; clk        ; clk      ; None                        ; None                      ; 9.033 ns                ;
; N/A                                     ; 108.13 MHz ( period = 9.248 ns )                    ; counter:Contador|uni[3] ; counter:Contador|uni[31] ; clk        ; clk      ; None                        ; None                      ; 9.033 ns                ;
; N/A                                     ; 108.13 MHz ( period = 9.248 ns )                    ; counter:Contador|uni[3] ; counter:Contador|uni[27] ; clk        ; clk      ; None                        ; None                      ; 9.033 ns                ;
; N/A                                     ; 108.13 MHz ( period = 9.248 ns )                    ; counter:Contador|uni[3] ; counter:Contador|uni[21] ; clk        ; clk      ; None                        ; None                      ; 9.033 ns                ;
; N/A                                     ; 108.13 MHz ( period = 9.248 ns )                    ; counter:Contador|uni[3] ; counter:Contador|uni[23] ; clk        ; clk      ; None                        ; None                      ; 9.033 ns                ;
; N/A                                     ; 108.13 MHz ( period = 9.248 ns )                    ; counter:Contador|uni[3] ; counter:Contador|uni[24] ; clk        ; clk      ; None                        ; None                      ; 9.033 ns                ;
; N/A                                     ; 108.13 MHz ( period = 9.248 ns )                    ; counter:Contador|uni[3] ; counter:Contador|uni[22] ; clk        ; clk      ; None                        ; None                      ; 9.033 ns                ;
; N/A                                     ; 108.13 MHz ( period = 9.248 ns )                    ; counter:Contador|uni[3] ; counter:Contador|uni[26] ; clk        ; clk      ; None                        ; None                      ; 9.033 ns                ;
; N/A                                     ; 108.13 MHz ( period = 9.248 ns )                    ; counter:Contador|uni[3] ; counter:Contador|uni[19] ; clk        ; clk      ; None                        ; None                      ; 9.033 ns                ;
; N/A                                     ; 108.13 MHz ( period = 9.248 ns )                    ; counter:Contador|uni[3] ; counter:Contador|uni[18] ; clk        ; clk      ; None                        ; None                      ; 9.033 ns                ;
; N/A                                     ; 108.13 MHz ( period = 9.248 ns )                    ; counter:Contador|uni[3] ; counter:Contador|uni[20] ; clk        ; clk      ; None                        ; None                      ; 9.033 ns                ;
; N/A                                     ; 108.13 MHz ( period = 9.248 ns )                    ; counter:Contador|uni[3] ; counter:Contador|uni[25] ; clk        ; clk      ; None                        ; None                      ; 9.033 ns                ;
; N/A                                     ; 108.13 MHz ( period = 9.248 ns )                    ; counter:Contador|uni[3] ; counter:Contador|uni[16] ; clk        ; clk      ; None                        ; None                      ; 9.033 ns                ;
; N/A                                     ; 108.13 MHz ( period = 9.248 ns )                    ; counter:Contador|uni[3] ; counter:Contador|uni[17] ; clk        ; clk      ; None                        ; None                      ; 9.033 ns                ;
; N/A                                     ; 109.16 MHz ( period = 9.161 ns )                    ; counter:Contador|uni[4] ; counter:Contador|uni[2]  ; clk        ; clk      ; None                        ; None                      ; 8.948 ns                ;
; N/A                                     ; 109.16 MHz ( period = 9.161 ns )                    ; counter:Contador|uni[4] ; counter:Contador|uni[1]  ; clk        ; clk      ; None                        ; None                      ; 8.948 ns                ;
; N/A                                     ; 109.16 MHz ( period = 9.161 ns )                    ; counter:Contador|uni[4] ; counter:Contador|uni[0]  ; clk        ; clk      ; None                        ; None                      ; 8.948 ns                ;
; N/A                                     ; 109.16 MHz ( period = 9.161 ns )                    ; counter:Contador|uni[4] ; counter:Contador|uni[11] ; clk        ; clk      ; None                        ; None                      ; 8.948 ns                ;
; N/A                                     ; 109.16 MHz ( period = 9.161 ns )                    ; counter:Contador|uni[4] ; counter:Contador|uni[12] ; clk        ; clk      ; None                        ; None                      ; 8.948 ns                ;
; N/A                                     ; 109.16 MHz ( period = 9.161 ns )                    ; counter:Contador|uni[4] ; counter:Contador|uni[14] ; clk        ; clk      ; None                        ; None                      ; 8.948 ns                ;
; N/A                                     ; 109.16 MHz ( period = 9.161 ns )                    ; counter:Contador|uni[4] ; counter:Contador|uni[13] ; clk        ; clk      ; None                        ; None                      ; 8.948 ns                ;
; N/A                                     ; 109.16 MHz ( period = 9.161 ns )                    ; counter:Contador|uni[4] ; counter:Contador|uni[10] ; clk        ; clk      ; None                        ; None                      ; 8.948 ns                ;
; N/A                                     ; 109.16 MHz ( period = 9.161 ns )                    ; counter:Contador|uni[4] ; counter:Contador|uni[8]  ; clk        ; clk      ; None                        ; None                      ; 8.948 ns                ;
; N/A                                     ; 109.16 MHz ( period = 9.161 ns )                    ; counter:Contador|uni[4] ; counter:Contador|uni[15] ; clk        ; clk      ; None                        ; None                      ; 8.948 ns                ;
; N/A                                     ; 109.16 MHz ( period = 9.161 ns )                    ; counter:Contador|uni[4] ; counter:Contador|uni[9]  ; clk        ; clk      ; None                        ; None                      ; 8.948 ns                ;
; N/A                                     ; 109.16 MHz ( period = 9.161 ns )                    ; counter:Contador|uni[4] ; counter:Contador|uni[5]  ; clk        ; clk      ; None                        ; None                      ; 8.948 ns                ;
; N/A                                     ; 109.16 MHz ( period = 9.161 ns )                    ; counter:Contador|uni[4] ; counter:Contador|uni[3]  ; clk        ; clk      ; None                        ; None                      ; 8.948 ns                ;
; N/A                                     ; 109.16 MHz ( period = 9.161 ns )                    ; counter:Contador|uni[4] ; counter:Contador|uni[4]  ; clk        ; clk      ; None                        ; None                      ; 8.948 ns                ;
; N/A                                     ; 109.16 MHz ( period = 9.161 ns )                    ; counter:Contador|uni[4] ; counter:Contador|uni[7]  ; clk        ; clk      ; None                        ; None                      ; 8.948 ns                ;
; N/A                                     ; 109.16 MHz ( period = 9.161 ns )                    ; counter:Contador|uni[4] ; counter:Contador|uni[6]  ; clk        ; clk      ; None                        ; None                      ; 8.948 ns                ;
; N/A                                     ; 109.31 MHz ( period = 9.148 ns )                    ; counter:Contador|uni[4] ; counter:Contador|uni[28] ; clk        ; clk      ; None                        ; None                      ; 8.933 ns                ;
; N/A                                     ; 109.31 MHz ( period = 9.148 ns )                    ; counter:Contador|uni[4] ; counter:Contador|uni[30] ; clk        ; clk      ; None                        ; None                      ; 8.933 ns                ;
; N/A                                     ; 109.31 MHz ( period = 9.148 ns )                    ; counter:Contador|uni[4] ; counter:Contador|uni[29] ; clk        ; clk      ; None                        ; None                      ; 8.933 ns                ;
; N/A                                     ; 109.31 MHz ( period = 9.148 ns )                    ; counter:Contador|uni[4] ; counter:Contador|uni[31] ; clk        ; clk      ; None                        ; None                      ; 8.933 ns                ;
; N/A                                     ; 109.31 MHz ( period = 9.148 ns )                    ; counter:Contador|uni[4] ; counter:Contador|uni[27] ; clk        ; clk      ; None                        ; None                      ; 8.933 ns                ;
; N/A                                     ; 109.31 MHz ( period = 9.148 ns )                    ; counter:Contador|uni[4] ; counter:Contador|uni[21] ; clk        ; clk      ; None                        ; None                      ; 8.933 ns                ;
; N/A                                     ; 109.31 MHz ( period = 9.148 ns )                    ; counter:Contador|uni[4] ; counter:Contador|uni[23] ; clk        ; clk      ; None                        ; None                      ; 8.933 ns                ;
; N/A                                     ; 109.31 MHz ( period = 9.148 ns )                    ; counter:Contador|uni[4] ; counter:Contador|uni[24] ; clk        ; clk      ; None                        ; None                      ; 8.933 ns                ;
; N/A                                     ; 109.31 MHz ( period = 9.148 ns )                    ; counter:Contador|uni[4] ; counter:Contador|uni[22] ; clk        ; clk      ; None                        ; None                      ; 8.933 ns                ;
; N/A                                     ; 109.31 MHz ( period = 9.148 ns )                    ; counter:Contador|uni[4] ; counter:Contador|uni[26] ; clk        ; clk      ; None                        ; None                      ; 8.933 ns                ;
; N/A                                     ; 109.31 MHz ( period = 9.148 ns )                    ; counter:Contador|uni[4] ; counter:Contador|uni[19] ; clk        ; clk      ; None                        ; None                      ; 8.933 ns                ;
; N/A                                     ; 109.31 MHz ( period = 9.148 ns )                    ; counter:Contador|uni[4] ; counter:Contador|uni[18] ; clk        ; clk      ; None                        ; None                      ; 8.933 ns                ;
; N/A                                     ; 109.31 MHz ( period = 9.148 ns )                    ; counter:Contador|uni[4] ; counter:Contador|uni[20] ; clk        ; clk      ; None                        ; None                      ; 8.933 ns                ;
; N/A                                     ; 109.31 MHz ( period = 9.148 ns )                    ; counter:Contador|uni[4] ; counter:Contador|uni[25] ; clk        ; clk      ; None                        ; None                      ; 8.933 ns                ;
; N/A                                     ; 109.31 MHz ( period = 9.148 ns )                    ; counter:Contador|uni[4] ; counter:Contador|uni[16] ; clk        ; clk      ; None                        ; None                      ; 8.933 ns                ;
; N/A                                     ; 109.31 MHz ( period = 9.148 ns )                    ; counter:Contador|uni[4] ; counter:Contador|uni[17] ; clk        ; clk      ; None                        ; None                      ; 8.933 ns                ;
; N/A                                     ; 110.07 MHz ( period = 9.085 ns )                    ; counter:Contador|uni[5] ; counter:Contador|uni[2]  ; clk        ; clk      ; None                        ; None                      ; 8.872 ns                ;
; N/A                                     ; 110.07 MHz ( period = 9.085 ns )                    ; counter:Contador|uni[5] ; counter:Contador|uni[1]  ; clk        ; clk      ; None                        ; None                      ; 8.872 ns                ;
; N/A                                     ; 110.07 MHz ( period = 9.085 ns )                    ; counter:Contador|uni[5] ; counter:Contador|uni[0]  ; clk        ; clk      ; None                        ; None                      ; 8.872 ns                ;
; N/A                                     ; 110.07 MHz ( period = 9.085 ns )                    ; counter:Contador|uni[5] ; counter:Contador|uni[11] ; clk        ; clk      ; None                        ; None                      ; 8.872 ns                ;
; N/A                                     ; 110.07 MHz ( period = 9.085 ns )                    ; counter:Contador|uni[5] ; counter:Contador|uni[12] ; clk        ; clk      ; None                        ; None                      ; 8.872 ns                ;
; N/A                                     ; 110.07 MHz ( period = 9.085 ns )                    ; counter:Contador|uni[5] ; counter:Contador|uni[14] ; clk        ; clk      ; None                        ; None                      ; 8.872 ns                ;
; N/A                                     ; 110.07 MHz ( period = 9.085 ns )                    ; counter:Contador|uni[5] ; counter:Contador|uni[13] ; clk        ; clk      ; None                        ; None                      ; 8.872 ns                ;
; N/A                                     ; 110.07 MHz ( period = 9.085 ns )                    ; counter:Contador|uni[5] ; counter:Contador|uni[10] ; clk        ; clk      ; None                        ; None                      ; 8.872 ns                ;
; N/A                                     ; 110.07 MHz ( period = 9.085 ns )                    ; counter:Contador|uni[5] ; counter:Contador|uni[8]  ; clk        ; clk      ; None                        ; None                      ; 8.872 ns                ;
; N/A                                     ; 110.07 MHz ( period = 9.085 ns )                    ; counter:Contador|uni[5] ; counter:Contador|uni[15] ; clk        ; clk      ; None                        ; None                      ; 8.872 ns                ;
; N/A                                     ; 110.07 MHz ( period = 9.085 ns )                    ; counter:Contador|uni[5] ; counter:Contador|uni[9]  ; clk        ; clk      ; None                        ; None                      ; 8.872 ns                ;
; N/A                                     ; 110.07 MHz ( period = 9.085 ns )                    ; counter:Contador|uni[5] ; counter:Contador|uni[5]  ; clk        ; clk      ; None                        ; None                      ; 8.872 ns                ;
; N/A                                     ; 110.07 MHz ( period = 9.085 ns )                    ; counter:Contador|uni[5] ; counter:Contador|uni[3]  ; clk        ; clk      ; None                        ; None                      ; 8.872 ns                ;
; N/A                                     ; 110.07 MHz ( period = 9.085 ns )                    ; counter:Contador|uni[5] ; counter:Contador|uni[4]  ; clk        ; clk      ; None                        ; None                      ; 8.872 ns                ;
; N/A                                     ; 110.07 MHz ( period = 9.085 ns )                    ; counter:Contador|uni[5] ; counter:Contador|uni[7]  ; clk        ; clk      ; None                        ; None                      ; 8.872 ns                ;
; N/A                                     ; 110.07 MHz ( period = 9.085 ns )                    ; counter:Contador|uni[5] ; counter:Contador|uni[6]  ; clk        ; clk      ; None                        ; None                      ; 8.872 ns                ;
; N/A                                     ; 110.23 MHz ( period = 9.072 ns )                    ; counter:Contador|uni[5] ; counter:Contador|uni[28] ; clk        ; clk      ; None                        ; None                      ; 8.857 ns                ;
; N/A                                     ; 110.23 MHz ( period = 9.072 ns )                    ; counter:Contador|uni[5] ; counter:Contador|uni[30] ; clk        ; clk      ; None                        ; None                      ; 8.857 ns                ;
; N/A                                     ; 110.23 MHz ( period = 9.072 ns )                    ; counter:Contador|uni[5] ; counter:Contador|uni[29] ; clk        ; clk      ; None                        ; None                      ; 8.857 ns                ;
; N/A                                     ; 110.23 MHz ( period = 9.072 ns )                    ; counter:Contador|uni[5] ; counter:Contador|uni[31] ; clk        ; clk      ; None                        ; None                      ; 8.857 ns                ;
; N/A                                     ; 110.23 MHz ( period = 9.072 ns )                    ; counter:Contador|uni[5] ; counter:Contador|uni[27] ; clk        ; clk      ; None                        ; None                      ; 8.857 ns                ;
; N/A                                     ; 110.23 MHz ( period = 9.072 ns )                    ; counter:Contador|uni[5] ; counter:Contador|uni[21] ; clk        ; clk      ; None                        ; None                      ; 8.857 ns                ;
; N/A                                     ; 110.23 MHz ( period = 9.072 ns )                    ; counter:Contador|uni[5] ; counter:Contador|uni[23] ; clk        ; clk      ; None                        ; None                      ; 8.857 ns                ;
; N/A                                     ; 110.23 MHz ( period = 9.072 ns )                    ; counter:Contador|uni[5] ; counter:Contador|uni[24] ; clk        ; clk      ; None                        ; None                      ; 8.857 ns                ;
; N/A                                     ; 110.23 MHz ( period = 9.072 ns )                    ; counter:Contador|uni[5] ; counter:Contador|uni[22] ; clk        ; clk      ; None                        ; None                      ; 8.857 ns                ;
; N/A                                     ; 110.23 MHz ( period = 9.072 ns )                    ; counter:Contador|uni[5] ; counter:Contador|uni[26] ; clk        ; clk      ; None                        ; None                      ; 8.857 ns                ;
; N/A                                     ; 110.23 MHz ( period = 9.072 ns )                    ; counter:Contador|uni[5] ; counter:Contador|uni[19] ; clk        ; clk      ; None                        ; None                      ; 8.857 ns                ;
; N/A                                     ; 110.23 MHz ( period = 9.072 ns )                    ; counter:Contador|uni[5] ; counter:Contador|uni[18] ; clk        ; clk      ; None                        ; None                      ; 8.857 ns                ;
; N/A                                     ; 110.23 MHz ( period = 9.072 ns )                    ; counter:Contador|uni[5] ; counter:Contador|uni[20] ; clk        ; clk      ; None                        ; None                      ; 8.857 ns                ;
; N/A                                     ; 110.23 MHz ( period = 9.072 ns )                    ; counter:Contador|uni[5] ; counter:Contador|uni[25] ; clk        ; clk      ; None                        ; None                      ; 8.857 ns                ;
; N/A                                     ; 110.23 MHz ( period = 9.072 ns )                    ; counter:Contador|uni[5] ; counter:Contador|uni[16] ; clk        ; clk      ; None                        ; None                      ; 8.857 ns                ;
; N/A                                     ; 110.23 MHz ( period = 9.072 ns )                    ; counter:Contador|uni[5] ; counter:Contador|uni[17] ; clk        ; clk      ; None                        ; None                      ; 8.857 ns                ;
; N/A                                     ; 110.57 MHz ( period = 9.044 ns )                    ; counter:Contador|uni[6] ; counter:Contador|uni[10] ; clk        ; clk      ; None                        ; None                      ; 8.831 ns                ;
; N/A                                     ; 110.57 MHz ( period = 9.044 ns )                    ; counter:Contador|uni[6] ; counter:Contador|uni[8]  ; clk        ; clk      ; None                        ; None                      ; 8.831 ns                ;
; N/A                                     ; 110.57 MHz ( period = 9.044 ns )                    ; counter:Contador|uni[6] ; counter:Contador|uni[15] ; clk        ; clk      ; None                        ; None                      ; 8.831 ns                ;
; N/A                                     ; 110.57 MHz ( period = 9.044 ns )                    ; counter:Contador|uni[6] ; counter:Contador|uni[9]  ; clk        ; clk      ; None                        ; None                      ; 8.831 ns                ;
; N/A                                     ; 110.57 MHz ( period = 9.044 ns )                    ; counter:Contador|uni[6] ; counter:Contador|uni[5]  ; clk        ; clk      ; None                        ; None                      ; 8.831 ns                ;
; N/A                                     ; 110.57 MHz ( period = 9.044 ns )                    ; counter:Contador|uni[6] ; counter:Contador|uni[3]  ; clk        ; clk      ; None                        ; None                      ; 8.831 ns                ;
; N/A                                     ; 110.57 MHz ( period = 9.044 ns )                    ; counter:Contador|uni[6] ; counter:Contador|uni[4]  ; clk        ; clk      ; None                        ; None                      ; 8.831 ns                ;
; N/A                                     ; 110.57 MHz ( period = 9.044 ns )                    ; counter:Contador|uni[6] ; counter:Contador|uni[7]  ; clk        ; clk      ; None                        ; None                      ; 8.831 ns                ;
; Timing analysis restricted to 200 rows. ; To change the limit use Settings (Assignments menu) ;                         ;                          ;            ;          ;                             ;                           ;                         ;
+-----------------------------------------+-----------------------------------------------------+-------------------------+--------------------------+------------+----------+-----------------------------+---------------------------+-------------------------+


+--------------------------+
; Timing Analyzer Messages ;
+--------------------------+
Info: *******************************************************************
Info: Running Quartus II Classic Timing Analyzer
    Info: Version 9.1 Build 350 03/24/2010 Service Pack 2 SJ Web Edition
    Info: Processing started: Thu Dec 30 18:40:02 2021
Info: Command: quartus_tan --read_settings_files=off --write_settings_files=off Comp -c Comp --timing_analysis_only
Warning: Timing Analysis is analyzing one or more combinational loops as latches
    Warning: Node "display:D1|S[0]" is a latch
    Warning: Node "display:D1|S[1]" is a latch
    Warning: Node "display:D1|S[2]" is a latch
    Warning: Node "display:D1|S[3]" is a latch
    Warning: Node "display:D1|S[4]" is a latch
    Warning: Node "display:D1|S[5]" is a latch
    Warning: Node "display:D1|S[6]" is a latch
    Warning: Node "display:D2|S[0]" is a latch
    Warning: Node "display:D2|S[1]" is a latch
    Warning: Node "display:D2|S[2]" is a latch
    Warning: Node "display:D2|S[3]" is a latch
    Warning: Node "display:D2|S[4]" is a latch
    Warning: Node "display:D2|S[5]" is a latch
    Warning: Node "display:D2|S[6]" is a latch
Warning: Found pins functioning as undefined clocks and/or memory enables
    Info: Assuming node "clk" is an undefined clock
Info: Clock "clk" has Internal fmax of 105.53 MHz between source register "counter:Contador|uni[0]" and destination register "counter:Contador|uni[2]" (period= 9.476 ns)
    Info: + Longest register to register delay is 9.263 ns
        Info: 1: + IC(0.000 ns) + CELL(0.000 ns) = 0.000 ns; Loc. = LCFF_X31_Y11_N1; Fanout = 16; REG Node = 'counter:Contador|uni[0]'
        Info: 2: + IC(0.000 ns) + CELL(0.527 ns) = 0.527 ns; Loc. = LCCOMB_X31_Y11_N0; Fanout = 2; COMB Node = 'counter:Contador|Add1~2'
        Info: 3: + IC(0.000 ns) + CELL(0.041 ns) = 0.568 ns; Loc. = LCCOMB_X31_Y11_N2; Fanout = 2; COMB Node = 'counter:Contador|Add1~6'
        Info: 4: + IC(0.000 ns) + CELL(0.144 ns) = 0.712 ns; Loc. = LCCOMB_X31_Y11_N4; Fanout = 2; COMB Node = 'counter:Contador|Add1~9'
        Info: 5: + IC(0.911 ns) + CELL(0.410 ns) = 2.033 ns; Loc. = LCCOMB_X30_Y10_N28; Fanout = 1; COMB Node = 'counter:Contador|Equal0~3'
        Info: 6: + IC(0.274 ns) + CELL(0.313 ns) = 2.620 ns; Loc. = LCCOMB_X30_Y10_N18; Fanout = 1; COMB Node = 'counter:Contador|Equal0~4'
        Info: 7: + IC(0.239 ns) + CELL(0.177 ns) = 3.036 ns; Loc. = LCCOMB_X30_Y10_N22; Fanout = 1; COMB Node = 'counter:Contador|Equal0~5'
        Info: 8: + IC(0.276 ns) + CELL(0.313 ns) = 3.625 ns; Loc. = LCCOMB_X30_Y10_N8; Fanout = 3; COMB Node = 'counter:Contador|Equal0~6'
        Info: 9: + IC(0.883 ns) + CELL(0.355 ns) = 4.863 ns; Loc. = LCCOMB_X26_Y9_N0; Fanout = 2; COMB Node = 'counter:Contador|Add2~2'
        Info: 10: + IC(0.000 ns) + CELL(0.041 ns) = 4.904 ns; Loc. = LCCOMB_X26_Y9_N2; Fanout = 2; COMB Node = 'counter:Contador|Add2~6'
        Info: 11: + IC(0.000 ns) + CELL(0.041 ns) = 4.945 ns; Loc. = LCCOMB_X26_Y9_N4; Fanout = 2; COMB Node = 'counter:Contador|Add2~10'
        Info: 12: + IC(0.000 ns) + CELL(0.041 ns) = 4.986 ns; Loc. = LCCOMB_X26_Y9_N6; Fanout = 2; COMB Node = 'counter:Contador|Add2~14'
        Info: 13: + IC(0.000 ns) + CELL(0.041 ns) = 5.027 ns; Loc. = LCCOMB_X26_Y9_N8; Fanout = 2; COMB Node = 'counter:Contador|Add2~18'
        Info: 14: + IC(0.000 ns) + CELL(0.144 ns) = 5.171 ns; Loc. = LCCOMB_X26_Y9_N10; Fanout = 2; COMB Node = 'counter:Contador|Add2~21'
        Info: 15: + IC(0.717 ns) + CELL(0.435 ns) = 6.323 ns; Loc. = LCCOMB_X27_Y8_N12; Fanout = 1; COMB Node = 'counter:Contador|Equal1~3'
        Info: 16: + IC(0.274 ns) + CELL(0.313 ns) = 6.910 ns; Loc. = LCCOMB_X27_Y8_N2; Fanout = 1; COMB Node = 'counter:Contador|Equal1~4'
        Info: 17: + IC(0.238 ns) + CELL(0.177 ns) = 7.325 ns; Loc. = LCCOMB_X27_Y8_N4; Fanout = 1; COMB Node = 'counter:Contador|Equal1~5'
        Info: 18: + IC(0.277 ns) + CELL(0.313 ns) = 7.915 ns; Loc. = LCCOMB_X27_Y8_N24; Fanout = 32; COMB Node = 'counter:Contador|uni[13]~0'
        Info: 19: + IC(0.891 ns) + CELL(0.457 ns) = 9.263 ns; Loc. = LCFF_X31_Y11_N5; Fanout = 16; REG Node = 'counter:Contador|uni[2]'
        Info: Total cell delay = 4.283 ns ( 46.24 % )
        Info: Total interconnect delay = 4.980 ns ( 53.76 % )
    Info: - Smallest clock skew is 0.000 ns
        Info: + Shortest clock path from clock "clk" to destination register is 2.847 ns
            Info: 1: + IC(0.000 ns) + CELL(0.974 ns) = 0.974 ns; Loc. = PIN_N20; Fanout = 1; CLK Node = 'clk'
            Info: 2: + IC(0.394 ns) + CELL(0.000 ns) = 1.368 ns; Loc. = CLKCTRL_G3; Fanout = 96; COMB Node = 'clk~clkctrl'
            Info: 3: + IC(0.769 ns) + CELL(0.710 ns) = 2.847 ns; Loc. = LCFF_X31_Y11_N5; Fanout = 16; REG Node = 'counter:Contador|uni[2]'
            Info: Total cell delay = 1.684 ns ( 59.15 % )
            Info: Total interconnect delay = 1.163 ns ( 40.85 % )
        Info: - Longest clock path from clock "clk" to source register is 2.847 ns
            Info: 1: + IC(0.000 ns) + CELL(0.974 ns) = 0.974 ns; Loc. = PIN_N20; Fanout = 1; CLK Node = 'clk'
            Info: 2: + IC(0.394 ns) + CELL(0.000 ns) = 1.368 ns; Loc. = CLKCTRL_G3; Fanout = 96; COMB Node = 'clk~clkctrl'
            Info: 3: + IC(0.769 ns) + CELL(0.710 ns) = 2.847 ns; Loc. = LCFF_X31_Y11_N1; Fanout = 16; REG Node = 'counter:Contador|uni[0]'
            Info: Total cell delay = 1.684 ns ( 59.15 % )
            Info: Total interconnect delay = 1.163 ns ( 40.85 % )
    Info: + Micro clock to output delay of source is 0.109 ns
    Info: + Micro setup delay of destination is 0.104 ns
Info: Quartus II Classic Timing Analyzer was successful. 0 errors, 16 warnings
    Info: Peak virtual memory: 188 megabytes
    Info: Processing ended: Thu Dec 30 18:40:03 2021
    Info: Elapsed time: 00:00:01
    Info: Total CPU time (on all processors): 00:00:02


